// Jest Snapshot v1, https://goo.gl/fbAQLP

exports[`[POST] /auth/login responds with the newly created hobbit 1`] = `Object {}`;

exports[`[POST] /auth/register responds with the newly created hobbit 1`] = `Object {}`;

exports[`[POST] /auth/register responds with the newly created user 1`] = `Object {}`;

exports[`[POST] /hobbits responds with the newly created hobbit 1`] = `Object {}`;
